This is pdfTeX, Version 3.141592653-2.6-1.40.28 (TeX Live 2025) (preloaded format=pdflatex 2026.8.1)  10 SEP 2026 14:02
entering extended mode
 restricted \write18 enabled.
 %&-line parsing enabled.
**main.tex
(./main.tex
LaTeX2e <2025-11-01>
L3 programming layer <2026-01-19>
(./iacrcc.cls

 *** LaTeX class for IACR Communications in Cryptology v0.78 ***

Document Class: iacrcc 2025/12/29
(/usr/local/texlive/2025/texmf-dist/tex/latex/currfile/currfile.sty
Package: currfile 2024/03/14 v1.0 Provides the file path elements of the curren
t input file

(/usr/local/texlive/2025/texmf-dist/tex/latex/kvoptions/kvoptions.sty
Package: kvoptions 2022-06-15 v3.15 Key value format for package options (HO)

(/usr/local/texlive/2025/texmf-dist/tex/latex/graphics/keyval.sty
Package: keyval 2022/05/29 v1.15 key=value parser (DPC)
\KV@toks@=\toks17
)
(/usr/local/texlive/2025/texmf-dist/tex/generic/ltxcmds/ltxcmds.sty
Package: ltxcmds 2023-12-04 v1.26 LaTeX kernel commands for general use (HO)
)
(/usr/local/texlive/2025/texmf-dist/tex/latex/kvsetkeys/kvsetkeys.sty
Package: kvsetkeys 2022-10-05 v1.19 Key value parser (HO)
))
(/usr/local/texlive/2025/texmf-dist/tex/latex/filehook/filehook.sty
Package: filehook 2022/10/25 v0.8b Hooks for input files

(/usr/local/texlive/2025/texmf-dist/tex/latex/filehook/filehook-2020.sty
Package: filehook-2020 2022/10/25 v0.8b Hooks for input files
))
(/usr/local/texlive/2025/texmf-dist/tex/latex/currfile/currfile-abspath.sty
Package: currfile-abspath 2024/03/14 v1.0 Provides absolute file paths, the par
ent working directory and the main file name
)
\c@currfiledepth=\count275
)
iacrcc:opened with /usr/local/texlive/2025/texmf-dist/tex/latex/l3kernel/expl3.
sty

(/usr/local/texlive/2025/texmf-dist/tex/latex/l3kernel/expl3.sty
Package: expl3 2026-01-19 L3 programming layer (loader) 
iacrcc:opened with /usr/local/texlive/2025/texmf-dist/tex/latex/l3backend/l3bac
kend-pdftex.def

(/usr/local/texlive/2025/texmf-dist/tex/latex/l3backend/l3backend-pdftex.def
File: l3backend-pdftex.def 2025-10-09 L3 backend support: PDF output (pdfTeX)
\l__color_backend_stack_int=\count276
)
iacrcc:closed with /usr/local/texlive/2025/texmf-dist/tex/latex/l3backend/l3bac
kend-pdftex.def
)
iacrcc:closed with /usr/local/texlive/2025/texmf-dist/tex/latex/l3kernel/expl3.
sty
iacrcc:opened with /usr/local/texlive/2025/texmf-dist/tex/latex/xkeyval/xkeyval
.sty

(/usr/local/texlive/2025/texmf-dist/tex/latex/xkeyval/xkeyval.sty
Package: xkeyval 2025/11/04 v2.10 package option processing (HA)

(/usr/local/texlive/2025/texmf-dist/tex/generic/xkeyval/xkeyval.tex
(/usr/local/texlive/2025/texmf-dist/tex/generic/xkeyval/xkvutils.tex
\XKV@toks=\toks18
\XKV@tempa@toks=\toks19
\XKV@tempb@toks=\toks20
)
\XKV@depth=\count277
File: xkeyval.tex 2014/12/03 v2.7a key=value parser (HA)
))
iacrcc:closed with /usr/local/texlive/2025/texmf-dist/tex/latex/xkeyval/xkeyval
.sty
iacrcc:opened with /usr/local/texlive/2025/texmf-dist/tex/latex/etoolbox/etoolb
ox.sty

(/usr/local/texlive/2025/texmf-dist/tex/latex/etoolbox/etoolbox.sty
Package: etoolbox 2025/10/02 v2.5m e-TeX tools for LaTeX (JAW)
\etb@tempcnta=\count278
)
iacrcc:closed with /usr/local/texlive/2025/texmf-dist/tex/latex/etoolbox/etoolb
ox.sty

Compiling version=preprint
iacrcc:opened with /usr/local/texlive/2025/texmf-dist/tex/generic/xstring/xstri
ng.sty
(/usr/local/texlive/2025/texmf-dist/tex/generic/xstring/xstring.sty
(/usr/local/texlive/2025/texmf-dist/tex/generic/xstring/xstring.tex
\xs_counta=\count279
\xs_countb=\count280
)
Package: xstring 2023/08/22 v1.86 String manipulations (CT)
)
iacrcc:closed with /usr/local/texlive/2025/texmf-dist/tex/generic/xstring/xstri
ng.sty
iacrcc:opened with /usr/local/texlive/2025/texmf-dist/tex/latex/base/article.cl
s

(/usr/local/texlive/2025/texmf-dist/tex/latex/base/article.cls
Document Class: article 2025/01/22 v1.4n Standard LaTeX document class
iacrcc:opened with /usr/local/texlive/2025/texmf-dist/tex/latex/base/size10.clo

(/usr/local/texlive/2025/texmf-dist/tex/latex/base/size10.clo
File: size10.clo 2025/01/22 v1.4n Standard LaTeX file (size option)
)
iacrcc:closed with /usr/local/texlive/2025/texmf-dist/tex/latex/base/size10.clo

\c@part=\count281
\c@section=\count282
\c@subsection=\count283
\c@subsubsection=\count284
\c@paragraph=\count285
\c@subparagraph=\count286
\c@figure=\count287
\c@table=\count288
\abovecaptionskip=\skip49
\belowcaptionskip=\skip50
\bibindent=\dimen148
)
iacrcc:closed with /usr/local/texlive/2025/texmf-dist/tex/latex/base/article.cl
s
iacrcc:opened with /usr/local/texlive/2025/texmf-dist/tex/generic/iftex/iftex.s
ty

(/usr/local/texlive/2025/texmf-dist/tex/generic/iftex/iftex.sty
Package: iftex 2024/12/12 v1.0g TeX engine tests
)
iacrcc:closed with /usr/local/texlive/2025/texmf-dist/tex/generic/iftex/iftex.s
ty
iacrcc:opened with /usr/local/texlive/2025/texmf-dist/tex/latex/geometry/geomet
ry.sty

(/usr/local/texlive/2025/texmf-dist/tex/latex/geometry/geometry.sty
Package: geometry 2020/01/02 v5.9 Page Geometry
iacrcc:opened with /usr/local/texlive/2025/texmf-dist/tex/generic/iftex/ifvtex.
sty

(/usr/local/texlive/2025/texmf-dist/tex/generic/iftex/ifvtex.sty
Package: ifvtex 2019/10/25 v1.7 ifvtex legacy package. Use iftex instead.
)
iacrcc:closed with /usr/local/texlive/2025/texmf-dist/tex/generic/iftex/ifvtex.
sty
\Gm@cnth=\count289
\Gm@cntv=\count290
\c@Gm@tempcnt=\count291
\Gm@bindingoffset=\dimen149
\Gm@wd@mp=\dimen150
\Gm@odd@mp=\dimen151
\Gm@even@mp=\dimen152
\Gm@layoutwidth=\dimen153
\Gm@layoutheight=\dimen154
\Gm@layouthoffset=\dimen155
\Gm@layoutvoffset=\dimen156
\Gm@dimlist=\toks21
)
iacrcc:closed with /usr/local/texlive/2025/texmf-dist/tex/latex/geometry/geomet
ry.sty
iacrcc:opened with /usr/local/texlive/2025/texmf-dist/tex/latex/tools/afterpage
.sty

(/usr/local/texlive/2025/texmf-dist/tex/latex/tools/afterpage.sty
Package: afterpage 2023/07/04 v1.08 After-Page Package (DPC)
\AP@output=\toks22
\AP@partial=\box53
\AP@footins=\box54
)
iacrcc:closed with /usr/local/texlive/2025/texmf-dist/tex/latex/tools/afterpage
.sty
iacrcc:opened with /usr/local/texlive/2025/texmf-dist/tex/latex/pgf/frontendlay
er/tikz.sty

(/usr/local/texlive/2025/texmf-dist/tex/latex/pgf/frontendlayer/tikz.sty
iacrcc:opened with /usr/local/texlive/2025/texmf-dist/tex/latex/pgf/basiclayer/
pgf.sty

(/usr/local/texlive/2025/texmf-dist/tex/latex/pgf/basiclayer/pgf.sty
iacrcc:opened with /usr/local/texlive/2025/texmf-dist/tex/latex/pgf/utilities/p
gfrcs.sty

(/usr/local/texlive/2025/texmf-dist/tex/latex/pgf/utilities/pgfrcs.sty
(/usr/local/texlive/2025/texmf-dist/tex/generic/pgf/utilities/pgfutil-common.te
x
\pgfutil@everybye=\toks23
\pgfutil@tempdima=\dimen157
\pgfutil@tempdimb=\dimen158
)
(/usr/local/texlive/2025/texmf-dist/tex/generic/pgf/utilities/pgfutil-latex.def
\pgfutil@abb=\box55
)
iacrcc:opened with /usr/local/texlive/2025/texmf-dist/tex/generic/pgf/utilities
/pgfrcs.code.tex
 (/usr/local/texlive/2025/texmf-dist/tex/generic/pgf/utilities/pgfrcs.code.tex 
(/usr/local/texlive/2025/texmf-dist/tex/generic/pgf/pgf.revision.tex)
Package: pgfrcs 2025-08-29 v3.1.11a (3.1.11a)
)
iacrcc:closed with /usr/local/texlive/2025/texmf-dist/tex/generic/pgf/utilities
/pgfrcs.code.tex
)
iacrcc:closed with /usr/local/texlive/2025/texmf-dist/tex/latex/pgf/utilities/p
gfrcs.sty
Package: pgf 2025-08-29 v3.1.11a (3.1.11a)
iacrcc:opened with /usr/local/texlive/2025/texmf-dist/tex/latex/pgf/basiclayer/
pgfcore.sty

(/usr/local/texlive/2025/texmf-dist/tex/latex/pgf/basiclayer/pgfcore.sty
iacrcc:opened with /usr/local/texlive/2025/texmf-dist/tex/latex/graphics/graphi
cx.sty

(/usr/local/texlive/2025/texmf-dist/tex/latex/graphics/graphicx.sty
Package: graphicx 2024/12/31 v1.2e Enhanced LaTeX Graphics (DPC,SPQR)
iacrcc:opened with /usr/local/texlive/2025/texmf-dist/tex/latex/graphics/graphi
cs.sty

(/usr/local/texlive/2025/texmf-dist/tex/latex/graphics/graphics.sty
Package: graphics 2024/08/06 v1.4g Standard LaTeX Graphics (DPC,SPQR)
iacrcc:opened with /usr/local/texlive/2025/texmf-dist/tex/latex/graphics/trig.s
ty

(/usr/local/texlive/2025/texmf-dist/tex/latex/graphics/trig.sty
Package: trig 2023/12/02 v1.11 sin cos tan (DPC)
)
iacrcc:closed with /usr/local/texlive/2025/texmf-dist/tex/latex/graphics/trig.s
ty
iacrcc:opened with /usr/local/texlive/2025/texmf-dist/tex/latex/graphics-cfg/gr
aphics.cfg

(/usr/local/texlive/2025/texmf-dist/tex/latex/graphics-cfg/graphics.cfg
File: graphics.cfg 2016/06/04 v1.11 sample graphics configuration
)
iacrcc:closed with /usr/local/texlive/2025/texmf-dist/tex/latex/graphics-cfg/gr
aphics.cfg
Package graphics Info: Driver file: pdftex.def on input line 106.
iacrcc:opened with /usr/local/texlive/2025/texmf-dist/tex/latex/l3backend/l3bac
kend-pdftex.def

(/usr/local/texlive/2025/texmf-dist/tex/latex/graphics-def/pdftex.def
File: pdftex.def 2025/09/29 v1.2d Graphics/color driver for pdftex
)
iacrcc:closed with /usr/local/texlive/2025/texmf-dist/tex/latex/l3backend/l3bac
kend-pdftex.def
)
iacrcc:closed with /usr/local/texlive/2025/texmf-dist/tex/latex/graphics/graphi
cs.sty
\Gin@req@height=\dimen159
\Gin@req@width=\dimen160
)
iacrcc:closed with /usr/local/texlive/2025/texmf-dist/tex/latex/graphics/graphi
cx.sty
iacrcc:opened with /usr/local/texlive/2025/texmf-dist/tex/latex/pgf/systemlayer
/pgfsys.sty

(/usr/local/texlive/2025/texmf-dist/tex/latex/pgf/systemlayer/pgfsys.sty
iacrcc:opened with /usr/local/texlive/2025/texmf-dist/tex/generic/pgf/systemlay
er/pgfsys.code.tex

(/usr/local/texlive/2025/texmf-dist/tex/generic/pgf/systemlayer/pgfsys.code.tex
Package: pgfsys 2025-08-29 v3.1.11a (3.1.11a)
(/usr/local/texlive/2025/texmf-dist/tex/generic/pgf/utilities/pgfkeys.code.tex
\pgfkeys@pathtoks=\toks24
\pgfkeys@temptoks=\toks25

(/usr/local/texlive/2025/texmf-dist/tex/generic/pgf/utilities/pgfkeyslibraryfil
tered.code.tex
\pgfkeys@tmptoks=\toks26
))
\pgf@x=\dimen161
\pgf@y=\dimen162
\pgf@xa=\dimen163
\pgf@ya=\dimen164
\pgf@xb=\dimen165
\pgf@yb=\dimen166
\pgf@xc=\dimen167
\pgf@yc=\dimen168
\pgf@xd=\dimen169
\pgf@yd=\dimen170
\w@pgf@writea=\write3
\r@pgf@reada=\read2
\c@pgf@counta=\count292
\c@pgf@countb=\count293
\c@pgf@countc=\count294
\c@pgf@countd=\count295
\t@pgf@toka=\toks27
\t@pgf@tokb=\toks28
\t@pgf@tokc=\toks29
\pgf@sys@id@count=\count296

(/usr/local/texlive/2025/texmf-dist/tex/generic/pgf/systemlayer/pgf.cfg
File: pgf.cfg 2025-08-29 v3.1.11a (3.1.11a)
)
Driver file for pgf: pgfsys-pdftex.def

(/usr/local/texlive/2025/texmf-dist/tex/generic/pgf/systemlayer/pgfsys-pdftex.d
ef
File: pgfsys-pdftex.def 2025-08-29 v3.1.11a (3.1.11a)

(/usr/local/texlive/2025/texmf-dist/tex/generic/pgf/systemlayer/pgfsys-common-p
df.def
File: pgfsys-common-pdf.def 2025-08-29 v3.1.11a (3.1.11a)
)))
iacrcc:closed with /usr/local/texlive/2025/texmf-dist/tex/generic/pgf/systemlay
er/pgfsys.code.tex
iacrcc:opened with /usr/local/texlive/2025/texmf-dist/tex/generic/pgf/systemlay
er/pgfsyssoftpath.code.tex

(/usr/local/texlive/2025/texmf-dist/tex/generic/pgf/systemlayer/pgfsyssoftpath.
code.tex
File: pgfsyssoftpath.code.tex 2025-08-29 v3.1.11a (3.1.11a)
\pgfsyssoftpath@smallbuffer@items=\count297
\pgfsyssoftpath@bigbuffer@items=\count298
)
iacrcc:closed with /usr/local/texlive/2025/texmf-dist/tex/generic/pgf/systemlay
er/pgfsyssoftpath.code.tex
iacrcc:opened with /usr/local/texlive/2025/texmf-dist/tex/generic/pgf/systemlay
er/pgfsysprotocol.code.tex

(/usr/local/texlive/2025/texmf-dist/tex/generic/pgf/systemlayer/pgfsysprotocol.
code.tex
File: pgfsysprotocol.code.tex 2025-08-29 v3.1.11a (3.1.11a)
)
iacrcc:closed with /usr/local/texlive/2025/texmf-dist/tex/generic/pgf/systemlay
er/pgfsysprotocol.code.tex
)
iacrcc:closed with /usr/local/texlive/2025/texmf-dist/tex/latex/pgf/systemlayer
/pgfsys.sty
iacrcc:opened with /usr/local/texlive/2025/texmf-dist/tex/latex/xcolor/xcolor.s
ty
 (/usr/local/texlive/2025/texmf-dist/tex/latex/xcolor/xcolor.sty
Package: xcolor 2024/09/29 v3.02 LaTeX color extensions (UK)
iacrcc:opened with /usr/local/texlive/2025/texmf-dist/tex/latex/graphics-cfg/co
lor.cfg

(/usr/local/texlive/2025/texmf-dist/tex/latex/graphics-cfg/color.cfg
File: color.cfg 2016/01/02 v1.6 sample color configuration
)
iacrcc:closed with /usr/local/texlive/2025/texmf-dist/tex/latex/graphics-cfg/co
lor.cfg
Package xcolor Info: Driver file: pdftex.def on input line 274.
iacrcc:opened with /usr/local/texlive/2025/texmf-dist/tex/latex/graphics/mathco
lor.ltx

(/usr/local/texlive/2025/texmf-dist/tex/latex/graphics/mathcolor.ltx)
iacrcc:closed with /usr/local/texlive/2025/texmf-dist/tex/latex/graphics/mathco
lor.ltx
Package xcolor Info: Model `cmy' substituted by `cmy0' on input line 1349.
Package xcolor Info: Model `hsb' substituted by `rgb' on input line 1353.
Package xcolor Info: Model `RGB' extended on input line 1365.
Package xcolor Info: Model `HTML' substituted by `rgb' on input line 1367.
Package xcolor Info: Model `Hsb' substituted by `hsb' on input line 1368.
Package xcolor Info: Model `tHsb' substituted by `hsb' on input line 1369.
Package xcolor Info: Model `HSB' substituted by `hsb' on input line 1370.
Package xcolor Info: Model `Gray' substituted by `gray' on input line 1371.
Package xcolor Info: Model `wave' substituted by `hsb' on input line 1372.
)
iacrcc:closed with /usr/local/texlive/2025/texmf-dist/tex/latex/xcolor/xcolor.s
ty
iacrcc:opened with /usr/local/texlive/2025/texmf-dist/tex/generic/pgf/basiclaye
r/pgfcore.code.tex

(/usr/local/texlive/2025/texmf-dist/tex/generic/pgf/basiclayer/pgfcore.code.tex
Package: pgfcore 2025-08-29 v3.1.11a (3.1.11a)
(/usr/local/texlive/2025/texmf-dist/tex/generic/pgf/math/pgfmath.code.tex
(/usr/local/texlive/2025/texmf-dist/tex/generic/pgf/math/pgfmathutil.code.tex)
(/usr/local/texlive/2025/texmf-dist/tex/generic/pgf/math/pgfmathparser.code.tex
\pgfmath@dimen=\dimen171
\pgfmath@count=\count299
\pgfmath@box=\box56
\pgfmath@toks=\toks30
\pgfmath@stack@operand=\toks31
\pgfmath@stack@operation=\toks32
)
(/usr/local/texlive/2025/texmf-dist/tex/generic/pgf/math/pgfmathfunctions.code.
tex)
(/usr/local/texlive/2025/texmf-dist/tex/generic/pgf/math/pgfmathfunctions.basic
.code.tex)
(/usr/local/texlive/2025/texmf-dist/tex/generic/pgf/math/pgfmathfunctions.trigo
nometric.code.tex)
(/usr/local/texlive/2025/texmf-dist/tex/generic/pgf/math/pgfmathfunctions.rando
m.code.tex)
(/usr/local/texlive/2025/texmf-dist/tex/generic/pgf/math/pgfmathfunctions.compa
rison.code.tex)
(/usr/local/texlive/2025/texmf-dist/tex/generic/pgf/math/pgfmathfunctions.base.
code.tex)
(/usr/local/texlive/2025/texmf-dist/tex/generic/pgf/math/pgfmathfunctions.round
.code.tex)
(/usr/local/texlive/2025/texmf-dist/tex/generic/pgf/math/pgfmathfunctions.misc.
code.tex)
(/usr/local/texlive/2025/texmf-dist/tex/generic/pgf/math/pgfmathfunctions.integ
erarithmetics.code.tex)
(/usr/local/texlive/2025/texmf-dist/tex/generic/pgf/math/pgfmathcalc.code.tex)
(/usr/local/texlive/2025/texmf-dist/tex/generic/pgf/math/pgfmathfloat.code.tex
\c@pgfmathroundto@lastzeros=\count300
)) (/usr/local/texlive/2025/texmf-dist/tex/generic/pgf/math/pgfint.code.tex)
(/usr/local/texlive/2025/texmf-dist/tex/generic/pgf/basiclayer/pgfcorepoints.co
de.tex
File: pgfcorepoints.code.tex 2025-08-29 v3.1.11a (3.1.11a)
\pgf@picminx=\dimen172
\pgf@picmaxx=\dimen173
\pgf@picminy=\dimen174
\pgf@picmaxy=\dimen175
\pgf@pathminx=\dimen176
\pgf@pathmaxx=\dimen177
\pgf@pathminy=\dimen178
\pgf@pathmaxy=\dimen179
\pgf@xx=\dimen180
\pgf@xy=\dimen181
\pgf@yx=\dimen182
\pgf@yy=\dimen183
\pgf@zx=\dimen184
\pgf@zy=\dimen185
)
(/usr/local/texlive/2025/texmf-dist/tex/generic/pgf/basiclayer/pgfcorepathconst
ruct.code.tex
File: pgfcorepathconstruct.code.tex 2025-08-29 v3.1.11a (3.1.11a)
\pgf@path@lastx=\dimen186
\pgf@path@lasty=\dimen187
)
(/usr/local/texlive/2025/texmf-dist/tex/generic/pgf/basiclayer/pgfcorepathusage
.code.tex
File: pgfcorepathusage.code.tex 2025-08-29 v3.1.11a (3.1.11a)
\pgf@shorten@end@additional=\dimen188
\pgf@shorten@start@additional=\dimen189
)
(/usr/local/texlive/2025/texmf-dist/tex/generic/pgf/basiclayer/pgfcorescopes.co
de.tex
File: pgfcorescopes.code.tex 2025-08-29 v3.1.11a (3.1.11a)
\pgfpic=\box57
\pgf@hbox=\box58
\pgf@layerbox@main=\box59
\pgf@picture@serial@count=\count301
)
(/usr/local/texlive/2025/texmf-dist/tex/generic/pgf/basiclayer/pgfcoregraphicst
ate.code.tex
File: pgfcoregraphicstate.code.tex 2025-08-29 v3.1.11a (3.1.11a)
\pgflinewidth=\dimen190
)
(/usr/local/texlive/2025/texmf-dist/tex/generic/pgf/basiclayer/pgfcoretransform
ations.code.tex
File: pgfcoretransformations.code.tex 2025-08-29 v3.1.11a (3.1.11a)
\pgf@pt@x=\dimen191
\pgf@pt@y=\dimen192
\pgf@pt@temp=\dimen193
)
(/usr/local/texlive/2025/texmf-dist/tex/generic/pgf/basiclayer/pgfcorequick.cod
e.tex
File: pgfcorequick.code.tex 2025-08-29 v3.1.11a (3.1.11a)
)
(/usr/local/texlive/2025/texmf-dist/tex/generic/pgf/basiclayer/pgfcoreobjects.c
ode.tex
File: pgfcoreobjects.code.tex 2025-08-29 v3.1.11a (3.1.11a)
)
(/usr/local/texlive/2025/texmf-dist/tex/generic/pgf/basiclayer/pgfcorepathproce
ssing.code.tex
File: pgfcorepathprocessing.code.tex 2025-08-29 v3.1.11a (3.1.11a)
)
(/usr/local/texlive/2025/texmf-dist/tex/generic/pgf/basiclayer/pgfcorearrows.co
de.tex
File: pgfcorearrows.code.tex 2025-08-29 v3.1.11a (3.1.11a)
\pgfarrowsep=\dimen194
)
(/usr/local/texlive/2025/texmf-dist/tex/generic/pgf/basiclayer/pgfcoreshade.cod
e.tex
File: pgfcoreshade.code.tex 2025-08-29 v3.1.11a (3.1.11a)
\pgf@max=\dimen195
\pgf@sys@shading@range@num=\count302
\pgf@shadingcount=\count303
)
(/usr/local/texlive/2025/texmf-dist/tex/generic/pgf/basiclayer/pgfcoreimage.cod
e.tex
File: pgfcoreimage.code.tex 2025-08-29 v3.1.11a (3.1.11a)
)
(/usr/local/texlive/2025/texmf-dist/tex/generic/pgf/basiclayer/pgfcoreexternal.
code.tex
File: pgfcoreexternal.code.tex 2025-08-29 v3.1.11a (3.1.11a)
\pgfexternal@startupbox=\box60
)
(/usr/local/texlive/2025/texmf-dist/tex/generic/pgf/basiclayer/pgfcorelayers.co
de.tex
File: pgfcorelayers.code.tex 2025-08-29 v3.1.11a (3.1.11a)
)
(/usr/local/texlive/2025/texmf-dist/tex/generic/pgf/basiclayer/pgfcoretranspare
ncy.code.tex
File: pgfcoretransparency.code.tex 2025-08-29 v3.1.11a (3.1.11a)
)
(/usr/local/texlive/2025/texmf-dist/tex/generic/pgf/basiclayer/pgfcorepatterns.
code.tex
File: pgfcorepatterns.code.tex 2025-08-29 v3.1.11a (3.1.11a)
)
(/usr/local/texlive/2025/texmf-dist/tex/generic/pgf/basiclayer/pgfcorerdf.code.
tex
File: pgfcorerdf.code.tex 2025-08-29 v3.1.11a (3.1.11a)
))
iacrcc:closed with /usr/local/texlive/2025/texmf-dist/tex/generic/pgf/basiclaye
r/pgfcore.code.tex
)
iacrcc:closed with /usr/local/texlive/2025/texmf-dist/tex/latex/pgf/basiclayer/
pgfcore.sty

(/usr/local/texlive/2025/texmf-dist/tex/generic/pgf/modules/pgfmoduleshapes.cod
e.tex
File: pgfmoduleshapes.code.tex 2025-08-29 v3.1.11a (3.1.11a)
\pgfnodeparttextbox=\box61
)
(/usr/local/texlive/2025/texmf-dist/tex/generic/pgf/modules/pgfmoduleplot.code.
tex
File: pgfmoduleplot.code.tex 2025-08-29 v3.1.11a (3.1.11a)
)
iacrcc:opened with /usr/local/texlive/2025/texmf-dist/tex/latex/pgf/compatibili
ty/pgfcomp-version-0-65.sty

(/usr/local/texlive/2025/texmf-dist/tex/latex/pgf/compatibility/pgfcomp-version
-0-65.sty
Package: pgfcomp-version-0-65 2025-08-29 v3.1.11a (3.1.11a)
\pgf@nodesepstart=\dimen196
\pgf@nodesepend=\dimen197
)
iacrcc:closed with /usr/local/texlive/2025/texmf-dist/tex/latex/pgf/compatibili
ty/pgfcomp-version-0-65.sty
iacrcc:opened with /usr/local/texlive/2025/texmf-dist/tex/latex/pgf/compatibili
ty/pgfcomp-version-1-18.sty

(/usr/local/texlive/2025/texmf-dist/tex/latex/pgf/compatibility/pgfcomp-version
-1-18.sty
Package: pgfcomp-version-1-18 2025-08-29 v3.1.11a (3.1.11a)
)
iacrcc:closed with /usr/local/texlive/2025/texmf-dist/tex/latex/pgf/compatibili
ty/pgfcomp-version-1-18.sty
)
iacrcc:closed with /usr/local/texlive/2025/texmf-dist/tex/latex/pgf/basiclayer/
pgf.sty
iacrcc:opened with /usr/local/texlive/2025/texmf-dist/tex/latex/pgf/utilities/p
gffor.sty

(/usr/local/texlive/2025/texmf-dist/tex/latex/pgf/utilities/pgffor.sty
iacrcc:opened with /usr/local/texlive/2025/texmf-dist/tex/latex/pgf/utilities/p
gfkeys.sty

(/usr/local/texlive/2025/texmf-dist/tex/latex/pgf/utilities/pgfkeys.sty
iacrcc:opened with /usr/local/texlive/2025/texmf-dist/tex/generic/pgf/utilities
/pgfkeys.code.tex

(/usr/local/texlive/2025/texmf-dist/tex/generic/pgf/utilities/pgfkeys.code.tex)
iacrcc:closed with /usr/local/texlive/2025/texmf-dist/tex/generic/pgf/utilities
/pgfkeys.code.tex
)
iacrcc:closed with /usr/local/texlive/2025/texmf-dist/tex/latex/pgf/utilities/p
gfkeys.sty
iacrcc:opened with /usr/local/texlive/2025/texmf-dist/tex/latex/pgf/math/pgfmat
h.sty
 (/usr/local/texlive/2025/texmf-dist/tex/latex/pgf/math/pgfmath.sty
iacrcc:opened with /usr/local/texlive/2025/texmf-dist/tex/generic/pgf/math/pgfm
ath.code.tex

(/usr/local/texlive/2025/texmf-dist/tex/generic/pgf/math/pgfmath.code.tex)
iacrcc:closed with /usr/local/texlive/2025/texmf-dist/tex/generic/pgf/math/pgfm
ath.code.tex
)
iacrcc:closed with /usr/local/texlive/2025/texmf-dist/tex/latex/pgf/math/pgfmat
h.sty
iacrcc:opened with /usr/local/texlive/2025/texmf-dist/tex/generic/pgf/utilities
/pgffor.code.tex

(/usr/local/texlive/2025/texmf-dist/tex/generic/pgf/utilities/pgffor.code.tex
Package: pgffor 2025-08-29 v3.1.11a (3.1.11a)
\pgffor@iter=\dimen198
\pgffor@skip=\dimen199
\pgffor@stack=\toks33
\pgffor@toks=\toks34
)
iacrcc:closed with /usr/local/texlive/2025/texmf-dist/tex/generic/pgf/utilities
/pgffor.code.tex
)
iacrcc:closed with /usr/local/texlive/2025/texmf-dist/tex/latex/pgf/utilities/p
gffor.sty
iacrcc:opened with /usr/local/texlive/2025/texmf-dist/tex/generic/pgf/frontendl
ayer/tikz/tikz.code.tex

(/usr/local/texlive/2025/texmf-dist/tex/generic/pgf/frontendlayer/tikz/tikz.cod
e.tex
Package: tikz 2025-08-29 v3.1.11a (3.1.11a)

(/usr/local/texlive/2025/texmf-dist/tex/generic/pgf/libraries/pgflibraryplothan
dlers.code.tex
File: pgflibraryplothandlers.code.tex 2025-08-29 v3.1.11a (3.1.11a)
\pgf@plot@mark@count=\count304
\pgfplotmarksize=\dimen256
)
\tikz@lastx=\dimen257
\tikz@lasty=\dimen258
\tikz@lastxsaved=\dimen259
\tikz@lastysaved=\dimen260
\tikz@lastmovetox=\dimen261
\tikz@lastmovetoy=\dimen262
\tikzleveldistance=\dimen263
\tikzsiblingdistance=\dimen264
\tikz@figbox=\box62
\tikz@figbox@bg=\box63
\tikz@tempbox=\box64
\tikz@tempbox@bg=\box65
\tikztreelevel=\count305
\tikznumberofchildren=\count306
\tikznumberofcurrentchild=\count307
\tikz@fig@count=\count308

(/usr/local/texlive/2025/texmf-dist/tex/generic/pgf/modules/pgfmodulematrix.cod
e.tex
File: pgfmodulematrix.code.tex 2025-08-29 v3.1.11a (3.1.11a)
\pgfmatrixcurrentrow=\count309
\pgfmatrixcurrentcolumn=\count310
\pgf@matrix@numberofcolumns=\count311
)
\tikz@expandcount=\count312

(/usr/local/texlive/2025/texmf-dist/tex/generic/pgf/frontendlayer/tikz/librarie
s/tikzlibrarytopaths.code.tex
File: tikzlibrarytopaths.code.tex 2025-08-29 v3.1.11a (3.1.11a)
))
iacrcc:closed with /usr/local/texlive/2025/texmf-dist/tex/generic/pgf/frontendl
ayer/tikz/tikz.code.tex
)
iacrcc:closed with /usr/local/texlive/2025/texmf-dist/tex/latex/pgf/frontendlay
er/tikz.sty

(/usr/local/texlive/2025/texmf-dist/tex/generic/pgf/frontendlayer/tikz/librarie
s/tikzlibrarysvg.path.code.tex
File: tikzlibrarysvg.path.code.tex 2025-08-29 v3.1.11a (3.1.11a)

(/usr/local/texlive/2025/texmf-dist/tex/generic/pgf/libraries/pgflibrarysvg.pat
h.code.tex
File: pgflibrarysvg.path.code.tex 2025-08-29 v3.1.11a (3.1.11a)

(/usr/local/texlive/2025/texmf-dist/tex/generic/pgf/modules/pgfmoduleparser.cod
e.tex
File: pgfmoduleparser.code.tex 2025-08-29 v3.1.11a (3.1.11a)
\pgfparserdef@arg@count=\count313
)
\pgf@lib@svg@last@x=\dimen265
\pgf@lib@svg@last@y=\dimen266
\pgf@lib@svg@last@c@x=\dimen267
\pgf@lib@svg@last@c@y=\dimen268
\pgf@lib@svg@count=\count314
\pgf@lib@svg@max@num=\count315
))
\@curXheight=\skip51
\c@IACR@author@cnt=\count316
\c@IACR@inst@cnt=\count317
\c@IACR@email@cnt=\count318
\iacrmeta=\write4
\openout4 = `main.meta'.

iacrcc:opened with /usr/local/texlive/2025/texmf-dist/tex/latex/xpatch/xpatch.s
ty
 (/usr/local/texlive/2025/texmf-dist/tex/latex/xpatch/xpatch.sty
Package: xpatch 2020/03/25 v0.3a Extending etoolbox patching commands
iacrcc:opened with /usr/local/texlive/2025/texmf-dist/tex/latex/l3packages/xpar
se/xparse.sty

(/usr/local/texlive/2025/texmf-dist/tex/latex/l3packages/xparse/xparse.sty
Package: xparse 2025-10-09 L3 Experimental document command parser
)
iacrcc:closed with /usr/local/texlive/2025/texmf-dist/tex/latex/l3packages/xpar
se/xparse.sty
)
iacrcc:closed with /usr/local/texlive/2025/texmf-dist/tex/latex/xpatch/xpatch.s
ty
iacrcc:opened with /usr/local/texlive/2025/texmf-dist/tex/generic/alphalph/alph
alph.sty

(/usr/local/texlive/2025/texmf-dist/tex/generic/alphalph/alphalph.sty
Package: alphalph 2019/12/09 v2.6 Convert numbers to letters (HO)
iacrcc:opened with /usr/local/texlive/2025/texmf-dist/tex/generic/infwarerr/inf
warerr.sty

(/usr/local/texlive/2025/texmf-dist/tex/generic/infwarerr/infwarerr.sty
Package: infwarerr 2019/12/03 v1.5 Providing info/warning/error messages (HO)
)
iacrcc:closed with /usr/local/texlive/2025/texmf-dist/tex/generic/infwarerr/inf
warerr.sty
iacrcc:opened with /usr/local/texlive/2025/texmf-dist/tex/generic/intcalc/intca
lc.sty

(/usr/local/texlive/2025/texmf-dist/tex/generic/intcalc/intcalc.sty
Package: intcalc 2019/12/15 v1.3 Expandable calculations with integers (HO)
)
iacrcc:closed with /usr/local/texlive/2025/texmf-dist/tex/generic/intcalc/intca
lc.sty
)
iacrcc:closed with /usr/local/texlive/2025/texmf-dist/tex/generic/alphalph/alph
alph.sty
iacrcc:opened with /usr/local/texlive/2025/texmf-dist/tex/generic/tokcycle/tokc
ycle.sty

(/usr/local/texlive/2025/texmf-dist/tex/generic/tokcycle/tokcycle.sty
(/usr/local/texlive/2025/texmf-dist/tex/generic/tokcycle/tokcycle.tex
\tc@tok=\toks35
\tcdepth=\count319
\cytoks=\toks36
)
Package: tokcycle 2025/04/02 V1.5 Cycle through and transform a stream of token
s
)
iacrcc:closed with /usr/local/texlive/2025/texmf-dist/tex/generic/tokcycle/tokc
ycle.sty
iacrcc:opened with /usr/local/texlive/2025/texmf-dist/tex/generic/listofitems/l
istofitems.sty

(/usr/local/texlive/2025/texmf-dist/tex/generic/listofitems/listofitems.sty
(/usr/local/texlive/2025/texmf-dist/tex/generic/listofitems/listofitems.tex
\loi_cnt_foreach_nest=\count320
\loi_nestcnt=\count321
)
Package: listofitems 2024/03/09 v1.65 Grab items in lists using user-specified 
sep char (CT)
)
iacrcc:closed with /usr/local/texlive/2025/texmf-dist/tex/generic/listofitems/l
istofitems.sty
iacrcc:opened with /usr/local/texlive/2025/texmf-dist/tex/latex/fancyhdr/fancyh
dr.sty

(/usr/local/texlive/2025/texmf-dist/tex/latex/fancyhdr/fancyhdr.sty
Package: fancyhdr 2025/02/07 v5.2 Extensive control of page headers and footers

\f@nch@headwidth=\skip52
\f@nch@offset@elh=\skip53
\f@nch@offset@erh=\skip54
\f@nch@offset@olh=\skip55
\f@nch@offset@orh=\skip56
\f@nch@offset@elf=\skip57
\f@nch@offset@erf=\skip58
\f@nch@offset@olf=\skip59
\f@nch@offset@orf=\skip60
\f@nch@height=\skip61
\f@nch@footalignment=\skip62
\f@nch@widthL=\skip63
\f@nch@widthC=\skip64
\f@nch@widthR=\skip65
\@temptokenb=\toks37
)
iacrcc:closed with /usr/local/texlive/2025/texmf-dist/tex/latex/fancyhdr/fancyh
dr.sty
iacrcc:opened with /usr/local/texlive/2025/texmf-dist/tex/latex/xurl/xurl.sty

(/usr/local/texlive/2025/texmf-dist/tex/latex/xurl/xurl.sty
Package: xurl 2022/01/09 v 0.10 modify URL breaks
iacrcc:opened with /usr/local/texlive/2025/texmf-dist/tex/latex/xurl/xurl.sty

(/usr/local/texlive/2025/texmf-dist/tex/latex/url/url.sty
\Urlmuskip=\muskip17
Package: url 2013/09/16  ver 3.4  Verb mode for urls, etc.
)
iacrcc:closed with /usr/local/texlive/2025/texmf-dist/tex/latex/xurl/xurl.sty
)
iacrcc:closed with /usr/local/texlive/2025/texmf-dist/tex/latex/xurl/xurl.sty
iacrcc:opened with /usr/local/texlive/2025/texmf-dist/tex/latex/fancyvrb/fancyv
rb.sty

(/usr/local/texlive/2025/texmf-dist/tex/latex/fancyvrb/fancyvrb.sty
Package: fancyvrb 2025/07/28 4.6 verbatim text (tvz,hv)
\FV@CodeLineNo=\count322
\FV@InFile=\read3
\FV@TabBox=\box66
\c@FancyVerbLine=\count323
\FV@StepNumber=\count324
\FV@OutFile=\write5
)
iacrcc:closed with /usr/local/texlive/2025/texmf-dist/tex/latex/fancyvrb/fancyv
rb.sty
iacrcc:opened with /usr/local/texlive/2025/texmf-dist/tex/latex/amsmath/amsmath
.sty

(/usr/local/texlive/2025/texmf-dist/tex/latex/amsmath/amsmath.sty
Package: amsmath 2025/07/09 v2.17z AMS math features
\@mathmargin=\skip66

For additional information on amsmath, use the `?' option.
iacrcc:opened with /usr/local/texlive/2025/texmf-dist/tex/latex/amsmath/amstext
.sty
(/usr/local/texlive/2025/texmf-dist/tex/latex/amsmath/amstext.sty
Package: amstext 2024/11/17 v2.01 AMS text
iacrcc:opened with /usr/local/texlive/2025/texmf-dist/tex/latex/amsmath/amsgen.
sty

(/usr/local/texlive/2025/texmf-dist/tex/latex/amsmath/amsgen.sty
File: amsgen.sty 1999/11/30 v2.0 generic functions
\@emptytoks=\toks38
\ex@=\dimen269
)
iacrcc:closed with /usr/local/texlive/2025/texmf-dist/tex/latex/amsmath/amsgen.
sty
)
iacrcc:closed with /usr/local/texlive/2025/texmf-dist/tex/latex/amsmath/amstext
.sty
iacrcc:opened with /usr/local/texlive/2025/texmf-dist/tex/latex/amsmath/amsbsy.
sty

(/usr/local/texlive/2025/texmf-dist/tex/latex/amsmath/amsbsy.sty
Package: amsbsy 1999/11/29 v1.2d Bold Symbols
\pmbraise@=\dimen270
)
iacrcc:closed with /usr/local/texlive/2025/texmf-dist/tex/latex/amsmath/amsbsy.
sty
iacrcc:opened with /usr/local/texlive/2025/texmf-dist/tex/latex/amsmath/amsopn.
sty

(/usr/local/texlive/2025/texmf-dist/tex/latex/amsmath/amsopn.sty
Package: amsopn 2022/04/08 v2.04 operator names
)
iacrcc:closed with /usr/local/texlive/2025/texmf-dist/tex/latex/amsmath/amsopn.
sty
\inf@bad=\count325
LaTeX Info: Redefining \frac on input line 233.
\uproot@=\count326
\leftroot@=\count327
LaTeX Info: Redefining \overline on input line 398.
LaTeX Info: Redefining \colon on input line 409.
\classnum@=\count328
\DOTSCASE@=\count329
LaTeX Info: Redefining \ldots on input line 495.
LaTeX Info: Redefining \dots on input line 498.
LaTeX Info: Redefining \cdots on input line 619.
\Mathstrutbox@=\box67
\strutbox@=\box68
LaTeX Info: Redefining \big on input line 721.
LaTeX Info: Redefining \Big on input line 722.
LaTeX Info: Redefining \bigg on input line 723.
LaTeX Info: Redefining \Bigg on input line 724.
\big@size=\dimen271
LaTeX Font Info:    Redeclaring font encoding OML on input line 742.
LaTeX Font Info:    Redeclaring font encoding OMS on input line 743.
\macc@depth=\count330
LaTeX Info: Redefining \bmod on input line 904.
LaTeX Info: Redefining \pmod on input line 909.
LaTeX Info: Redefining \smash on input line 939.
LaTeX Info: Redefining \relbar on input line 969.
LaTeX Info: Redefining \Relbar on input line 970.
\c@MaxMatrixCols=\count331
\dotsspace@=\muskip18
\c@parentequation=\count332
\dspbrk@lvl=\count333
\tag@help=\toks39
\row@=\count334
\column@=\count335
\maxfields@=\count336
\andhelp@=\toks40
\eqnshift@=\dimen272
\alignsep@=\dimen273
\tagshift@=\dimen274
\tagwidth@=\dimen275
\totwidth@=\dimen276
\lineht@=\dimen277
\@envbody=\toks41
\multlinegap=\skip67
\multlinetaggap=\skip68
\mathdisplay@stack=\toks42
LaTeX Info: Redefining \[ on input line 2950.
LaTeX Info: Redefining \] on input line 2951.
)
iacrcc:closed with /usr/local/texlive/2025/texmf-dist/tex/latex/amsmath/amsmath
.sty
iacrcc:opened with /usr/local/texlive/2025/texmf-dist/tex/latex/amsfonts/amssym
b.sty

(/usr/local/texlive/2025/texmf-dist/tex/latex/amsfonts/amssymb.sty
Package: amssymb 2013/01/14 v3.01 AMS font symbols
iacrcc:opened with /usr/local/texlive/2025/texmf-dist/tex/latex/amsfonts/amsfon
ts.sty

(/usr/local/texlive/2025/texmf-dist/tex/latex/amsfonts/amsfonts.sty
Package: amsfonts 2013/01/14 v3.01 Basic AMSFonts support
\symAMSa=\mathgroup4
\symAMSb=\mathgroup5
LaTeX Font Info:    Redeclaring math symbol \hbar on input line 98.
LaTeX Font Info:    Overwriting math alphabet `\mathfrak' in version `bold'
(Font)                  U/euf/m/n --> U/euf/b/n on input line 106.
)
iacrcc:closed with /usr/local/texlive/2025/texmf-dist/tex/latex/amsfonts/amsfon
ts.sty
)
iacrcc:closed with /usr/local/texlive/2025/texmf-dist/tex/latex/amsfonts/amssym
b.sty
iacrcc:opened with /usr/local/texlive/2025/texmf-dist/tex/latex/amscls/amsthm.s
ty

(/usr/local/texlive/2025/texmf-dist/tex/latex/amscls/amsthm.sty
Package: amsthm 2020/05/29 v2.20.6
\thm@style=\toks43
\thm@bodyfont=\toks44
\thm@headfont=\toks45
\thm@notefont=\toks46
\thm@headpunct=\toks47
\thm@preskip=\skip69
\thm@postskip=\skip70
\thm@headsep=\skip71
\dth@everypar=\toks48
)
iacrcc:closed with /usr/local/texlive/2025/texmf-dist/tex/latex/amscls/amsthm.s
ty
iacrcc:opened with /usr/local/texlive/2025/texmf-dist/tex/latex/mathtools/matht
ools.sty

(/usr/local/texlive/2025/texmf-dist/tex/latex/mathtools/mathtools.sty
Package: mathtools 2024/10/04 v1.31 mathematical typesetting tools
iacrcc:opened with /usr/local/texlive/2025/texmf-dist/tex/generic/intcalc/intca
lc.sty

(/usr/local/texlive/2025/texmf-dist/tex/latex/tools/calc.sty
Package: calc 2025/03/01 v4.3b Infix arithmetic (KKT,FJ)
\calc@Acount=\count337
\calc@Bcount=\count338
\calc@Adimen=\dimen278
\calc@Bdimen=\dimen279
\calc@Askip=\skip72
\calc@Bskip=\skip73
LaTeX Info: Redefining \setlength on input line 86.
LaTeX Info: Redefining \addtolength on input line 87.
\calc@Ccount=\count339
\calc@Cskip=\skip74
)
iacrcc:closed with /usr/local/texlive/2025/texmf-dist/tex/generic/intcalc/intca
lc.sty
iacrcc:opened with /usr/local/texlive/2025/texmf-dist/tex/latex/mathtools/mhset
up.sty

(/usr/local/texlive/2025/texmf-dist/tex/latex/mathtools/mhsetup.sty
Package: mhsetup 2021/03/18 v1.4 programming setup (MH)
)
iacrcc:closed with /usr/local/texlive/2025/texmf-dist/tex/latex/mathtools/mhset
up.sty
\g_MT_multlinerow_int=\count340
\l_MT_multwidth_dim=\dimen280
\origjot=\skip75
\l_MT_shortvdotswithinadjustabove_dim=\dimen281
\l_MT_shortvdotswithinadjustbelow_dim=\dimen282
\l_MT_above_intertext_sep=\dimen283
\l_MT_below_intertext_sep=\dimen284
\l_MT_above_shortintertext_sep=\dimen285
\l_MT_below_shortintertext_sep=\dimen286
\xmathstrut@box=\box69
\xmathstrut@dim=\dimen287
)
iacrcc:closed with /usr/local/texlive/2025/texmf-dist/tex/latex/mathtools/matht
ools.sty
\c@definition=\count341
\c@example=\count342
\c@exercise=\count343
\c@property=\count344
\c@question=\count345
\c@solution=\count346
\c@theorem=\count347
\c@proposition=\count348
\c@problem=\count349
\c@lemma=\count350
\c@conjecture=\count351
\c@corollary=\count352
\c@remark=\count353
\c@note=\count354
\c@case=\count355
iacrcc:opened with /usr/local/texlive/2025/texmf-dist/tex/latex/float/float.sty


(/usr/local/texlive/2025/texmf-dist/tex/latex/float/float.sty
Package: float 2001/11/08 v1.3d Float enhancements (AL)
\c@float@type=\count356
\float@exts=\toks49
\float@box=\box70
\@float@everytoks=\toks50
\@floatcapt=\box71
)
iacrcc:closed with /usr/local/texlive/2025/texmf-dist/tex/latex/float/float.sty

\@float@every@table=\toks51
\@float@every@figure=\toks52
iacrcc:opened with /usr/local/texlive/2025/texmf-dist/tex/latex/microtype/micro
type.sty

(/usr/local/texlive/2025/texmf-dist/tex/latex/microtype/microtype.sty
Package: microtype 2026/03/01 v3.2d Micro-typographical refinements (RS)
\MT@toks=\toks53
\MT@tempbox=\box72
\MT@count=\count357
LaTeX Info: Redefining \noprotrusionifhmode on input line 1084.
LaTeX Info: Redefining \leftprotrusion on input line 1085.
\MT@prot@toks=\toks54
LaTeX Info: Redefining \rightprotrusion on input line 1104.
LaTeX Info: Redefining \textls on input line 1449.
\MT@outer@kern=\dimen288
LaTeX Info: Redefining \microtypecontext on input line 2053.
LaTeX Info: Redefining \textmicrotypecontext on input line 2070.
\MT@listname@count=\count358
iacrcc:opened with /usr/local/texlive/2025/texmf-dist/tex/latex/microtype/micro
type-pdftex.def

(/usr/local/texlive/2025/texmf-dist/tex/latex/microtype/microtype-pdftex.def
File: microtype-pdftex.def 2026/03/01 v3.2d Definitions specific to pdftex (RS)

LaTeX Info: Redefining \lsstyle on input line 944.
LaTeX Info: Redefining \lslig on input line 944.
\MT@outer@space=\skip76
)
iacrcc:closed with /usr/local/texlive/2025/texmf-dist/tex/latex/microtype/micro
type-pdftex.def
Package microtype Info: Loading configuration file microtype.cfg.
iacrcc:opened with /usr/local/texlive/2025/texmf-dist/tex/latex/microtype/micro
type.cfg

(/usr/local/texlive/2025/texmf-dist/tex/latex/microtype/microtype.cfg
File: microtype.cfg 2026/03/01 v3.2d microtype main configuration file (RS)
)
iacrcc:closed with /usr/local/texlive/2025/texmf-dist/tex/latex/microtype/micro
type.cfg
LaTeX Info: Redefining \microtypesetup on input line 3065.
)
iacrcc:closed with /usr/local/texlive/2025/texmf-dist/tex/latex/microtype/micro
type.sty
iacrcc:opened with /usr/local/texlive/2025/texmf-dist/tex/latex/lm/lmodern.sty

(/usr/local/texlive/2025/texmf-dist/tex/latex/lm/lmodern.sty
Package: lmodern 2015/05/01 v1.6.1 Latin Modern Fonts
LaTeX Font Info:    Overwriting symbol font `operators' in version `normal'
(Font)                  OT1/cmr/m/n --> OT1/lmr/m/n on input line 22.
LaTeX Font Info:    Overwriting symbol font `letters' in version `normal'
(Font)                  OML/cmm/m/it --> OML/lmm/m/it on input line 23.
LaTeX Font Info:    Overwriting symbol font `symbols' in version `normal'
(Font)                  OMS/cmsy/m/n --> OMS/lmsy/m/n on input line 24.
LaTeX Font Info:    Overwriting symbol font `largesymbols' in version `normal'
(Font)                  OMX/cmex/m/n --> OMX/lmex/m/n on input line 25.
LaTeX Font Info:    Overwriting symbol font `operators' in version `bold'
(Font)                  OT1/cmr/bx/n --> OT1/lmr/bx/n on input line 26.
LaTeX Font Info:    Overwriting symbol font `letters' in version `bold'
(Font)                  OML/cmm/b/it --> OML/lmm/b/it on input line 27.
LaTeX Font Info:    Overwriting symbol font `symbols' in version `bold'
(Font)                  OMS/cmsy/b/n --> OMS/lmsy/b/n on input line 28.
LaTeX Font Info:    Overwriting symbol font `largesymbols' in version `bold'
(Font)                  OMX/cmex/m/n --> OMX/lmex/m/n on input line 29.
LaTeX Font Info:    Overwriting math alphabet `\mathbf' in version `normal'
(Font)                  OT1/cmr/bx/n --> OT1/lmr/bx/n on input line 31.
LaTeX Font Info:    Overwriting math alphabet `\mathsf' in version `normal'
(Font)                  OT1/cmss/m/n --> OT1/lmss/m/n on input line 32.
LaTeX Font Info:    Overwriting math alphabet `\mathit' in version `normal'
(Font)                  OT1/cmr/m/it --> OT1/lmr/m/it on input line 33.
LaTeX Font Info:    Overwriting math alphabet `\mathtt' in version `normal'
(Font)                  OT1/cmtt/m/n --> OT1/lmtt/m/n on input line 34.
LaTeX Font Info:    Overwriting math alphabet `\mathbf' in version `bold'
(Font)                  OT1/cmr/bx/n --> OT1/lmr/bx/n on input line 35.
LaTeX Font Info:    Overwriting math alphabet `\mathsf' in version `bold'
(Font)                  OT1/cmss/bx/n --> OT1/lmss/bx/n on input line 36.
LaTeX Font Info:    Overwriting math alphabet `\mathit' in version `bold'
(Font)                  OT1/cmr/bx/it --> OT1/lmr/bx/it on input line 37.
LaTeX Font Info:    Overwriting math alphabet `\mathtt' in version `bold'
(Font)                  OT1/cmtt/m/n --> OT1/lmtt/m/n on input line 38.
)
iacrcc:closed with /usr/local/texlive/2025/texmf-dist/tex/latex/lm/lmodern.sty
)
iacrcc:closed with /Users/osdnk/projects/gartner/paper/main.tex
iacrcc:opened with /usr/local/texlive/2025/texmf-dist/tex/latex/cryptocode/cryp
tocode.sty

(/usr/local/texlive/2025/texmf-dist/tex/latex/cryptocode/cryptocode.sty
Package: cryptocode 2021/08/15 v0.44 Cryptocode LaTeX package for typesetting p
seudocode, algorithms and protocols as well as cryptographic proofs.

(/usr/local/texlive/2025/texmf-dist/tex/generic/pgf/frontendlayer/tikz/librarie
s/tikzlibrarypositioning.code.tex
File: tikzlibrarypositioning.code.tex 2025-08-29 v3.1.11a (3.1.11a)
)
(/usr/local/texlive/2025/texmf-dist/tex/generic/pgf/frontendlayer/tikz/librarie
s/tikzlibrarycalc.code.tex
File: tikzlibrarycalc.code.tex 2025-08-29 v3.1.11a (3.1.11a)
)
iacrcc:opened with /usr/local/texlive/2025/texmf-dist/tex/latex/base/ifthen.sty


(/usr/local/texlive/2025/texmf-dist/tex/latex/base/ifthen.sty
Package: ifthen 2024/03/16 v1.1e Standard LaTeX ifthen package (DPC)
)
iacrcc:closed with /usr/local/texlive/2025/texmf-dist/tex/latex/base/ifthen.sty

iacrcc:opened with /usr/local/texlive/2025/texmf-dist/tex/latex/xargs/xargs.sty


(/usr/local/texlive/2025/texmf-dist/tex/latex/xargs/xargs.sty
Package: xargs 2008/03/22 v1.1  extended macro definitions  (mpg)
\xargs@max=\count359
\xargs@toksa=\toks55
\xargs@toksb=\toks56
)
iacrcc:closed with /usr/local/texlive/2025/texmf-dist/tex/latex/xargs/xargs.sty

iacrcc:opened with /usr/local/texlive/2025/texmf-dist/tex/latex/forloop/forloop
.sty

(/usr/local/texlive/2025/texmf-dist/tex/latex/forloop/forloop.sty
Package: forloop 2023/05/03 v3.0 For Loops for LaTeX
)
iacrcc:closed with /usr/local/texlive/2025/texmf-dist/tex/latex/forloop/forloop
.sty
iacrcc:opened with /usr/local/texlive/2025/texmf-dist/tex/latex/tools/array.sty


(/usr/local/texlive/2025/texmf-dist/tex/latex/tools/array.sty
Package: array 2025/09/25 v2.6n Tabular extension package (FMi)
\col@sep=\dimen289
\ar@mcellbox=\box73
\extrarowheight=\dimen290
\NC@list=\toks57
\extratabsurround=\skip77
\backup@length=\skip78
\ar@cellbox=\box74
)
iacrcc:closed with /usr/local/texlive/2025/texmf-dist/tex/latex/tools/array.sty

iacrcc:opened with /usr/local/texlive/2025/texmf-dist/tex/latex/pbox/pbox.sty

(/usr/local/texlive/2025/texmf-dist/tex/latex/pbox/pbox.sty
Package: pbox 2011/12/07 v1.2 Dynamic parboxes
\pb@xlen=\skip79
)
iacrcc:closed with /usr/local/texlive/2025/texmf-dist/tex/latex/pbox/pbox.sty
iacrcc:opened with /usr/local/texlive/2025/texmf-dist/tex/latex/varwidth/varwid
th.sty

(/usr/local/texlive/2025/texmf-dist/tex/latex/varwidth/varwidth.sty
Package: varwidth 2009/03/30 ver 0.92;  Variable-width minipages
\@vwid@box=\box75
\sift@deathcycles=\count360
\@vwid@loff=\dimen291
\@vwid@roff=\dimen292
)
==> First Aid for varwidth.sty applied!
iacrcc:closed with /usr/local/texlive/2025/texmf-dist/tex/latex/varwidth/varwid
th.sty
iacrcc:opened with /usr/local/texlive/2025/texmf-dist/tex/latex/bigfoot/suffix.
sty
(/usr/local/texlive/2025/texmf-dist/tex/latex/bigfoot/suffix.sty
Package: suffix 2006/07/15 1.5a Variant command support
)
iacrcc:closed with /usr/local/texlive/2025/texmf-dist/tex/latex/bigfoot/suffix.
sty
iacrcc:opened with /usr/local/texlive/2025/texmf-dist/tex/latex/environ/environ
.sty

(/usr/local/texlive/2025/texmf-dist/tex/latex/environ/environ.sty
Package: environ 2014/05/04 v0.3 A new way to define environments
iacrcc:opened with /usr/local/texlive/2025/texmf-dist/tex/latex/trimspaces/trim
spaces.sty

(/usr/local/texlive/2025/texmf-dist/tex/latex/trimspaces/trimspaces.sty
Package: trimspaces 2009/09/17 v1.1 Trim spaces around a token list
)
iacrcc:closed with /usr/local/texlive/2025/texmf-dist/tex/latex/trimspaces/trim
spaces.sty
)
iacrcc:closed with /usr/local/texlive/2025/texmf-dist/tex/latex/environ/environ
.sty
\pcaboveskip=\skip80
\pcbelowskip=\skip81
\pcbeforeskip=\skip82
\pcafterskip=\skip83
\c@@pc@global@pc@cnt=\count361
\c@@pc@global@pc@nestcnt=\count362
\c@@pc@stackdepth=\count363
\@pc@stackspace@len=\skip84
\pcbeforehstackskip=\skip85
\pcafterhstackskip=\skip86
\@pc@stackcontentbox=\box76
\@pc@minipage@length=\skip87
\@pc@alt@minipage@length=\skip88
\@pc@length@tmp@width@vstack=\skip89
\@pseudocodecodeminlineheight@len=\skip90
\@pcindentwidth=\skip91
\c@pclinenumber=\count364
\c@Hpclinenumber=\count365


LaTeX Warning: Command `\theHpclinenumber' already defined -- not changed on in
put line 637.

\c@@pclinenumber=\count366
\c@H@pclinenumber=\count367

LaTeX Warning: Command `\theH@pclinenumber' already defined -- not changed on i
nput line 639.

\c@@pclinenumbertmp=\count368
\c@pcgamecounter=\count369
\c@Hpcgamecounter=\count370

LaTeX Warning: Command `\theHpcgamecounter' already defined -- not changed on i
nput line 642.

\c@pcrlinenumber=\count371
\c@Hpcrlinenumber=\count372

LaTeX Warning: Command `\theHpcrlinenumber' already defined -- not changed on i
nput line 644.

\c@@pcrlinenumbertmp=\count373
\pcheadlinesep=\skip92
\pcbodylinesep=\skip93
\@pseudocodeheadheight@len=\skip94
\pcheadheight=\skip95
\c@@pc@indentationlevel=\count374
\c@pccolumncounter=\count375
\c@@pcsubprogcnt1=\count376
\c@@pcrsubprogcnt1=\count377
\c@@pcsubprogcnt2=\count378
\c@@pcrsubprogcnt2=\count379
\c@@pcsubprogcnt3=\count380
\c@@pcrsubprogcnt3=\count381
\c@@pcsubprogcnt4=\count382
\c@@pcrsubprogcnt4=\count383
\c@@pcsubprogcnt5=\count384
\c@@pcrsubprogcnt5=\count385
\c@@pcsubprogcnt6=\count386
\c@@pcrsubprogcnt6=\count387
\c@@pcsubprogcnt7=\count388
\c@@pcrsubprogcnt7=\count389
\c@@pcsubprogcnt8=\count390
\c@@pcrsubprogcnt8=\count391
\c@@pcsubprogcnt9=\count392
\c@@pcrsubprogcnt9=\count393
\c@@pcsubprogstep=\count394
\pcmessagearrow=\skip96
\c@@pc@remember=\count395
\@bb@message@voffset=\skip97
\@bb@query@voffset=\skip98
\@bb@oraclequery@voffset=\skip99
\@bb@challengerquery@voffset=\skip100
\c@@bb@oracle@cnt=\count396
\c@@bb@oracle@nestcnt=\count397
\c@@bb@challenger@cnt=\count398
\c@@bb@challenger@nestcnt=\count399
\c@@bb@env@nestcnt=\count400
\@bb@com@tmpoffset=\skip101
\@bb@tmplength@b=\skip102
\c@pcstartgamecounter=\count401
)
iacrcc:closed with /usr/local/texlive/2025/texmf-dist/tex/latex/cryptocode/cryp
tocode.sty
iacrcc:opened with /usr/local/texlive/2025/texmf-dist/tex/latex/booktabs/bookta
bs.sty
 (/usr/local/texlive/2025/texmf-dist/tex/latex/booktabs/booktabs.sty
Package: booktabs 2020/01/12 v1.61803398 Publication quality tables
\heavyrulewidth=\dimen293
\lightrulewidth=\dimen294
\cmidrulewidth=\dimen295
\belowrulesep=\dimen296
\belowbottomsep=\dimen297
\aboverulesep=\dimen298
\abovetopsep=\dimen299
\cmidrulesep=\dimen300
\cmidrulekern=\dimen301
\defaultaddspace=\dimen302
\@cmidla=\count402
\@cmidlb=\count403
\@aboverulesep=\dimen303
\@belowrulesep=\dimen304
\@thisruleclass=\count404
\@lastruleclass=\count405
\@thisrulewidth=\dimen305
)
iacrcc:closed with /usr/local/texlive/2025/texmf-dist/tex/latex/booktabs/bookta
bs.sty
iacrcc:opened with /usr/local/texlive/2025/texmf-dist/tex/latex/placeins/placei
ns.sty

(/usr/local/texlive/2025/texmf-dist/tex/latex/placeins/placeins.sty
Package: placeins 2005/04/18  v 2.2
)
iacrcc:closed with /usr/local/texlive/2025/texmf-dist/tex/latex/placeins/placei
ns.sty
iacrcc:opened with ./macros.tex

(./macros.tex)
iacrcc:closed with ./macros.tex
iacrcc:opened with /usr/local/texlive/2025/texmf-dist/tex/latex/base/fontenc.st
y
 (/usr/local/texlive/2025/texmf-dist/tex/latex/base/fontenc.sty
Package: fontenc 2025/07/18 v2.1d Standard LaTeX package
LaTeX Font Info:    Trying to load font information for T1+lmr on input line 11
6.
iacrcc:opened with /usr/local/texlive/2025/texmf-dist/tex/latex/lm/t1lmr.fd

(/usr/local/texlive/2025/texmf-dist/tex/latex/lm/t1lmr.fd
File: t1lmr.fd 2015/05/01 v1.6.1 Font defs for Latin Modern
)
iacrcc:closed with /usr/local/texlive/2025/texmf-dist/tex/latex/lm/t1lmr.fd
)
iacrcc:closed with /usr/local/texlive/2025/texmf-dist/tex/latex/base/fontenc.st
y
iacrcc:opened with /usr/local/texlive/2025/texmf-dist/tex/latex/hyperref/hyperr
ef.sty

(/usr/local/texlive/2025/texmf-dist/tex/latex/hyperref/hyperref.sty
Package: hyperref 2026-01-29 v7.01p Hypertext links for LaTeX
iacrcc:opened with /usr/local/texlive/2025/texmf-dist/tex/generic/kvdefinekeys/
kvdefinekeys.sty

(/usr/local/texlive/2025/texmf-dist/tex/generic/kvdefinekeys/kvdefinekeys.sty
Package: kvdefinekeys 2019-12-19 v1.6 Define keys (HO)
)
iacrcc:closed with /usr/local/texlive/2025/texmf-dist/tex/generic/kvdefinekeys/
kvdefinekeys.sty
iacrcc:opened with /usr/local/texlive/2025/texmf-dist/tex/generic/pdfescape/pdf
escape.sty

(/usr/local/texlive/2025/texmf-dist/tex/generic/pdfescape/pdfescape.sty
Package: pdfescape 2019/12/09 v1.15 Implements pdfTeX's escape features (HO)
iacrcc:opened with /usr/local/texlive/2025/texmf-dist/tex/generic/pdftexcmds/pd
ftexcmds.sty

(/usr/local/texlive/2025/texmf-dist/tex/generic/pdftexcmds/pdftexcmds.sty
Package: pdftexcmds 2020-06-27 v0.33 Utility functions of pdfTeX for LuaTeX (HO
)
Package pdftexcmds Info: \pdf@primitive is available.
Package pdftexcmds Info: \pdf@ifprimitive is available.
Package pdftexcmds Info: \pdfdraftmode found.
)
iacrcc:closed with /usr/local/texlive/2025/texmf-dist/tex/generic/pdftexcmds/pd
ftexcmds.sty
)
iacrcc:closed with /usr/local/texlive/2025/texmf-dist/tex/generic/pdfescape/pdf
escape.sty
iacrcc:opened with /usr/local/texlive/2025/texmf-dist/tex/latex/hycolor/hycolor
.sty

(/usr/local/texlive/2025/texmf-dist/tex/latex/hycolor/hycolor.sty
Package: hycolor 2020-01-27 v1.10 Color options for hyperref/bookmark (HO)
)
iacrcc:closed with /usr/local/texlive/2025/texmf-dist/tex/latex/hycolor/hycolor
.sty
iacrcc:opened with /usr/local/texlive/2025/texmf-dist/tex/latex/hyperref/namere
f.sty

(/usr/local/texlive/2025/texmf-dist/tex/latex/hyperref/nameref.sty
Package: nameref 2026-01-29 v2.58 Cross-referencing by name of section
iacrcc:opened with /usr/local/texlive/2025/texmf-dist/tex/latex/refcount/refcou
nt.sty

(/usr/local/texlive/2025/texmf-dist/tex/latex/refcount/refcount.sty
Package: refcount 2019/12/15 v3.6 Data extraction from label references (HO)
)
iacrcc:closed with /usr/local/texlive/2025/texmf-dist/tex/latex/refcount/refcou
nt.sty
iacrcc:opened with /usr/local/texlive/2025/texmf-dist/tex/generic/gettitlestrin
g/gettitlestring.sty

(/usr/local/texlive/2025/texmf-dist/tex/generic/gettitlestring/gettitlestring.s
ty
Package: gettitlestring 2019/12/15 v1.6 Cleanup title references (HO)
)
iacrcc:closed with /usr/local/texlive/2025/texmf-dist/tex/generic/gettitlestrin
g/gettitlestring.sty
\c@section@level=\count406
)
iacrcc:closed with /usr/local/texlive/2025/texmf-dist/tex/latex/hyperref/namere
f.sty
iacrcc:opened with /usr/local/texlive/2025/texmf-dist/tex/generic/stringenc/str
ingenc.sty
 (/usr/local/texlive/2025/texmf-dist/tex/generic/stringenc/stringenc.sty
Package: stringenc 2019/11/29 v1.12 Convert strings between diff. encodings (HO
)
)
iacrcc:closed with /usr/local/texlive/2025/texmf-dist/tex/generic/stringenc/str
ingenc.sty
\@linkdim=\dimen306
\Hy@linkcounter=\count407
\Hy@pagecounter=\count408
iacrcc:opened with /usr/local/texlive/2025/texmf-dist/tex/latex/hyperref/pd1enc
.def

(/usr/local/texlive/2025/texmf-dist/tex/latex/hyperref/pd1enc.def
File: pd1enc.def 2026-01-29 v7.01p Hyperref: PDFDocEncoding definition (HO)
Now handling font encoding PD1 ...
... no UTF-8 mapping file for font encoding PD1
)
iacrcc:closed with /usr/local/texlive/2025/texmf-dist/tex/latex/hyperref/pd1enc
.def
\Hy@SavedSpaceFactor=\count409
iacrcc:opened with /usr/local/texlive/2025/texmf-dist/tex/latex/hyperref/puenc.
def

(/usr/local/texlive/2025/texmf-dist/tex/latex/hyperref/puenc.def
File: puenc.def 2026-01-29 v7.01p Hyperref: PDF Unicode definition (HO)
Now handling font encoding PU ...
... no UTF-8 mapping file for font encoding PU
)
iacrcc:closed with /usr/local/texlive/2025/texmf-dist/tex/latex/hyperref/puenc.
def
Package hyperref Info: Option `bookmarksopen' set `true' on input line 4072.
Package hyperref Info: Hyper figures OFF on input line 4201.
Package hyperref Info: Link nesting OFF on input line 4206.
Package hyperref Info: Hyper index ON on input line 4209.
Package hyperref Info: Plain pages OFF on input line 4216.
Package hyperref Info: Backreferencing OFF on input line 4221.
Package hyperref Info: Implicit mode ON; LaTeX internals redefined.
Package hyperref Info: Bookmarks ON on input line 4468.
\c@Hy@tempcnt=\count410
LaTeX Info: Redefining \url on input line 4807.
\XeTeXLinkMargin=\dimen307
iacrcc:opened with /usr/local/texlive/2025/texmf-dist/tex/generic/bitset/bitset
.sty

(/usr/local/texlive/2025/texmf-dist/tex/generic/bitset/bitset.sty
Package: bitset 2019/12/09 v1.3 Handle bit-vector datatype (HO)
iacrcc:opened with /usr/local/texlive/2025/texmf-dist/tex/generic/bigintcalc/bi
gintcalc.sty

(/usr/local/texlive/2025/texmf-dist/tex/generic/bigintcalc/bigintcalc.sty
Package: bigintcalc 2019/12/15 v1.5 Expandable calculations on big integers (HO
)
)
iacrcc:closed with /usr/local/texlive/2025/texmf-dist/tex/generic/bigintcalc/bi
gintcalc.sty
)
iacrcc:closed with /usr/local/texlive/2025/texmf-dist/tex/generic/bitset/bitset
.sty
\Fld@menulength=\count411
\Field@Width=\dimen308
\Fld@charsize=\dimen309
Package hyperref Info: Hyper figures OFF on input line 6084.
Package hyperref Info: Link nesting OFF on input line 6089.
Package hyperref Info: Hyper index ON on input line 6092.
Package hyperref Info: backreferencing OFF on input line 6099.
Package hyperref Info: Link coloring OFF on input line 6104.
Package hyperref Info: Link coloring with OCG OFF on input line 6109.
Package hyperref Info: PDF/A mode OFF on input line 6114.
\Hy@abspage=\count412
\c@Item=\count413
\c@Hfootnote=\count414
)
iacrcc:closed with /usr/local/texlive/2025/texmf-dist/tex/latex/hyperref/hyperr
ef.sty
Package hyperref Info: Driver (autodetected): hpdftex.
iacrcc:opened with /usr/local/texlive/2025/texmf-dist/tex/latex/hyperref/hpdfte
x.def

(/usr/local/texlive/2025/texmf-dist/tex/latex/hyperref/hpdftex.def
File: hpdftex.def 2026-01-29 v7.01p Hyperref driver for pdfTeX
\Fld@listcount=\count415
\c@bookmark@seq@number=\count416
iacrcc:opened with /usr/local/texlive/2025/texmf-dist/tex/latex/rerunfilecheck/
rerunfilecheck.sty

(/usr/local/texlive/2025/texmf-dist/tex/latex/rerunfilecheck/rerunfilecheck.sty
Package: rerunfilecheck 2025-06-21 v1.11 Rerun checks for auxiliary files (HO)
iacrcc:opened with /usr/local/texlive/2025/texmf-dist/tex/generic/uniquecounter
/uniquecounter.sty

(/usr/local/texlive/2025/texmf-dist/tex/generic/uniquecounter/uniquecounter.sty
Package: uniquecounter 2019/12/15 v1.4 Provide unlimited unique counter (HO)
)
iacrcc:closed with /usr/local/texlive/2025/texmf-dist/tex/generic/uniquecounter
/uniquecounter.sty
Package uniquecounter Info: New unique counter `rerunfilecheck' on input line 2
84.
)
iacrcc:closed with /usr/local/texlive/2025/texmf-dist/tex/latex/rerunfilecheck/
rerunfilecheck.sty
\Hy@SectionHShift=\skip103
)
iacrcc:closed with /usr/local/texlive/2025/texmf-dist/tex/latex/hyperref/hpdfte
x.def
Package hyperref Info: Option `colorlinks' set `true' on input line 10.
iacrcc:opened with ./after-hyperref.sty
 (./after-hyperref.sty)
iacrcc:opened with /usr/local/texlive/2025/texmf-dist/tex/latex/cleveref/clever
ef.sty

(/usr/local/texlive/2025/texmf-dist/tex/latex/cleveref/cleveref.sty
Package: cleveref 2018/03/27 v0.21.4 Intelligent cross-referencing
Package cleveref Info: `hyperref' support loaded on input line 2370.
LaTeX Info: Redefining \cref on input line 2370.
LaTeX Info: Redefining \Cref on input line 2370.
LaTeX Info: Redefining \crefrange on input line 2370.
LaTeX Info: Redefining \Crefrange on input line 2370.
LaTeX Info: Redefining \cpageref on input line 2370.
LaTeX Info: Redefining \Cpageref on input line 2370.
LaTeX Info: Redefining \cpagerefrange on input line 2370.
LaTeX Info: Redefining \Cpagerefrange on input line 2370.
LaTeX Info: Redefining \labelcref on input line 2370.
LaTeX Info: Redefining \labelcpageref on input line 2370.
Package cleveref Info: `amsthm' support loaded on input line 3026.
)
iacrcc:closed with /usr/local/texlive/2025/texmf-dist/tex/latex/cleveref/clever
ef.sty

==> First Aid for cleveref.sty applied!
iacrcc:closed with ./after-hyperref.sty
(./main.aux)
\openout1 = `main.aux'.

LaTeX Font Info:    Checking defaults for OML/cmm/m/it on input line 10.
LaTeX Font Info:    ... okay on input line 10.
LaTeX Font Info:    Checking defaults for OMS/cmsy/m/n on input line 10.
LaTeX Font Info:    ... okay on input line 10.
LaTeX Font Info:    Checking defaults for OT1/cmr/m/n on input line 10.
LaTeX Font Info:    ... okay on input line 10.
LaTeX Font Info:    Checking defaults for T1/cmr/m/n on input line 10.
LaTeX Font Info:    ... okay on input line 10.
LaTeX Font Info:    Checking defaults for TS1/cmr/m/n on input line 10.
LaTeX Font Info:    ... okay on input line 10.
LaTeX Font Info:    Checking defaults for OMX/cmex/m/n on input line 10.
LaTeX Font Info:    ... okay on input line 10.
LaTeX Font Info:    Checking defaults for U/cmr/m/n on input line 10.
LaTeX Font Info:    ... okay on input line 10.
LaTeX Font Info:    Checking defaults for PD1/pdf/m/n on input line 10.
LaTeX Font Info:    ... okay on input line 10.
LaTeX Font Info:    Checking defaults for PU/pdf/m/n on input line 10.
LaTeX Font Info:    ... okay on input line 10.

*geometry* driver: auto-detecting
*geometry* detected driver: pdftex
*geometry* verbose mode - [ preamble ] result:
* driver: pdftex
* paper: a4paper
* layout: <same size as paper>
* layoutoffset:(h,v)=(0.0pt,0.0pt)
* hratio: 1:1
* vratio: 1:1
* modes: twoside 
* h-part:(L,W,R)=(104.5657pt, 388.37646pt, 104.5657pt)
* v-part:(T,H,B)=(105.63086pt, 633.78513pt, 105.63086pt)
* \paperwidth=597.50787pt
* \paperheight=845.04684pt
* \textwidth=388.37646pt
* \textheight=633.78513pt
* \oddsidemargin=32.29572pt
* \evensidemargin=32.29572pt
* \topmargin=-3.63913pt
* \headheight=12.0pt
* \headsep=25.0pt
* \topskip=10.0pt
* \footskip=30.0pt
* \marginparwidth=76.82234pt
* \marginparsep=11.0pt
* \columnsep=10.0pt
* \skip\footins=9.0pt plus 4.0pt minus 2.0pt
* \hoffset=0.0pt
* \voffset=0.0pt
* \mag=1000
* \@twocolumnfalse
* \@twosidetrue
* \@mparswitchtrue
* \@reversemarginfalse
* (1in=72.27pt=25.4mm, 1cm=28.453pt)

iacrcc:opened with /usr/local/texlive/2025/texmf-dist/tex/context/base/mkii/sup
p-pdf.mkii
(/usr/local/texlive/2025/texmf-dist/tex/context/base/mkii/supp-pdf.mkii
[Loading MPS to PDF converter (version 2006.09.02).]
\scratchcounter=\count417
\scratchdimen=\dimen310
\scratchbox=\box77
\nofMPsegments=\count418
\nofMParguments=\count419
\everyMPshowfont=\toks58
\MPscratchCnt=\count420
\MPscratchDim=\dimen311
\MPnumerator=\count421
\makeMPintoPDFobject=\count422
\everyMPtoPDFconversion=\toks59
)
iacrcc:closed with /usr/local/texlive/2025/texmf-dist/tex/context/base/mkii/sup
p-pdf.mkii
iacrcc:opened with /usr/local/texlive/2025/texmf-dist/tex/latex/epstopdf-pkg/ep
stopdf-base.sty
 (/usr/local/texlive/2025/texmf-dist/tex/latex/epstopdf-pkg/epstopdf-base.sty
Package: epstopdf-base 2020-01-24 v2.11 Base part for package epstopdf
Package epstopdf-base Info: Redefining graphics rule for `.eps' on input line 4
85.
iacrcc:opened with /usr/local/texlive/2025/texmf-dist/tex/latex/latexconfig/eps
topdf-sys.cfg

(/usr/local/texlive/2025/texmf-dist/tex/latex/latexconfig/epstopdf-sys.cfg
File: epstopdf-sys.cfg 2010/07/13 v1.3 Configuration of (r)epstopdf for TeX Liv
e
)
iacrcc:closed with /usr/local/texlive/2025/texmf-dist/tex/latex/latexconfig/eps
topdf-sys.cfg
)
iacrcc:closed with /usr/local/texlive/2025/texmf-dist/tex/latex/epstopdf-pkg/ep
stopdf-base.sty
Package microtype Info: Patching varwidth to enable character protrusion.
\MT@vwid@leftmargin=\dimen312
\MT@vwid@rightmargin=\dimen313
LaTeX Info: Redefining \microtypecontext on input line 10.
Package microtype Info: Applying patch `item' on input line 10.
Package microtype Info: Applying patch `toc' on input line 10.
Package microtype Info: Applying patch `eqnum' on input line 10.
Package microtype Info: Applying patch `footnote' on input line 10.
Package microtype Info: Applying patch `verbatim' on input line 10.
LaTeX Info: Redefining \microtypesetup on input line 10.
Package microtype Info: Generating PDF output.
Package microtype Info: Character protrusion enabled (level 2).
Package microtype Info: Using default protrusion set `alltext'.
Package microtype Info: Automatic font expansion enabled (level 2),
(microtype)             stretch: 20, shrink: 20, step: 1, non-selected.
Package microtype Info: Using default expansion set `alltext-nott'.
Package microtype Info: Patching command `\showhyphens'.
Package microtype Info: No adjustment of tracking.
Package microtype Info: No adjustment of interword spacing.
Package microtype Info: No adjustment of character kerning.
iacrcc:opened with /usr/local/texlive/2025/texmf-dist/tex/latex/microtype/mt-cm
r.cfg

(/usr/local/texlive/2025/texmf-dist/tex/latex/microtype/mt-cmr.cfg
File: mt-cmr.cfg 2013/05/19 v2.2 microtype config. file: Computer Modern Roman 
(RS)
)
iacrcc:closed with /usr/local/texlive/2025/texmf-dist/tex/latex/microtype/mt-cm
r.cfg
Package hyperref Info: Link coloring ON on input line 10.
iacrcc:opened with ./main.out
 (./main.out)
iacrcc:closed with ./main.out
iacrcc:opened with ./main.out
 (./main.out)
iacrcc:closed with ./main.out
\@outlinefile=\write6
\openout6 = `main.out'.

LaTeX Font Info:    Trying to load font information for T1+lmss on input line 1
1.
iacrcc:opened with /usr/local/texlive/2025/texmf-dist/tex/latex/lm/t1lmss.fd
 (/usr/local/texlive/2025/texmf-dist/tex/latex/lm/t1lmss.fd
File: t1lmss.fd 2015/05/01 v1.6.1 Font defs for Latin Modern
)
iacrcc:closed with /usr/local/texlive/2025/texmf-dist/tex/latex/lm/t1lmss.fd
Package microtype Info: Loading generic protrusion settings for font family
(microtype)             `lmss' (encoding: T1).
(microtype)             For optimal results, create family-specific settings.
(microtype)             See the microtype manual for details.
LaTeX Font Info:    Trying to load font information for OT1+lmr on input line 1
1.
iacrcc:opened with /usr/local/texlive/2025/texmf-dist/tex/latex/lm/ot1lmr.fd

(/usr/local/texlive/2025/texmf-dist/tex/latex/lm/ot1lmr.fd
File: ot1lmr.fd 2015/05/01 v1.6.1 Font defs for Latin Modern
)
iacrcc:closed with /usr/local/texlive/2025/texmf-dist/tex/latex/lm/ot1lmr.fd
LaTeX Font Info:    Trying to load font information for OML+lmm on input line 1
1.
iacrcc:opened with /usr/local/texlive/2025/texmf-dist/tex/latex/lm/omllmm.fd

(/usr/local/texlive/2025/texmf-dist/tex/latex/lm/omllmm.fd
File: omllmm.fd 2015/05/01 v1.6.1 Font defs for Latin Modern
)
iacrcc:closed with /usr/local/texlive/2025/texmf-dist/tex/latex/lm/omllmm.fd
LaTeX Font Info:    Trying to load font information for OMS+lmsy on input line 
11.
iacrcc:opened with /usr/local/texlive/2025/texmf-dist/tex/latex/lm/omslmsy.fd

(/usr/local/texlive/2025/texmf-dist/tex/latex/lm/omslmsy.fd
File: omslmsy.fd 2015/05/01 v1.6.1 Font defs for Latin Modern
)
iacrcc:closed with /usr/local/texlive/2025/texmf-dist/tex/latex/lm/omslmsy.fd
LaTeX Font Info:    Trying to load font information for OMX+lmex on input line 
11.
iacrcc:opened with /usr/local/texlive/2025/texmf-dist/tex/latex/lm/omxlmex.fd

(/usr/local/texlive/2025/texmf-dist/tex/latex/lm/omxlmex.fd
File: omxlmex.fd 2015/05/01 v1.6.1 Font defs for Latin Modern
)
iacrcc:closed with /usr/local/texlive/2025/texmf-dist/tex/latex/lm/omxlmex.fd
LaTeX Font Info:    External font `lmex10' loaded for size
(Font)              <10> on input line 11.
LaTeX Font Info:    External font `lmex10' loaded for size
(Font)              <7> on input line 11.
LaTeX Font Info:    External font `lmex10' loaded for size
(Font)              <5> on input line 11.
LaTeX Font Info:    Trying to load font information for U+msa on input line 11.

iacrcc:opened with /usr/local/texlive/2025/texmf-dist/tex/latex/amsfonts/umsa.f
d

(/usr/local/texlive/2025/texmf-dist/tex/latex/amsfonts/umsa.fd
File: umsa.fd 2013/01/14 v3.01 AMS symbols A
)
iacrcc:closed with /usr/local/texlive/2025/texmf-dist/tex/latex/amsfonts/umsa.f
d
iacrcc:opened with /usr/local/texlive/2025/texmf-dist/tex/latex/microtype/mt-ms
a.cfg

(/usr/local/texlive/2025/texmf-dist/tex/latex/microtype/mt-msa.cfg
File: mt-msa.cfg 2006/02/04 v1.1 microtype config. file: AMS symbols (a) (RS)
)
iacrcc:closed with /usr/local/texlive/2025/texmf-dist/tex/latex/microtype/mt-ms
a.cfg
LaTeX Font Info:    Trying to load font information for U+msb on input line 11.

iacrcc:opened with /usr/local/texlive/2025/texmf-dist/tex/latex/amsfonts/umsb.f
d

(/usr/local/texlive/2025/texmf-dist/tex/latex/amsfonts/umsb.fd
File: umsb.fd 2013/01/14 v3.01 AMS symbols B
)
iacrcc:closed with /usr/local/texlive/2025/texmf-dist/tex/latex/amsfonts/umsb.f
d
iacrcc:opened with /usr/local/texlive/2025/texmf-dist/tex/latex/microtype/mt-ms
b.cfg

(/usr/local/texlive/2025/texmf-dist/tex/latex/microtype/mt-msb.cfg
File: mt-msb.cfg 2005/06/01 v1.0 microtype config. file: AMS symbols (b) (RS)
)
iacrcc:closed with /usr/local/texlive/2025/texmf-dist/tex/latex/microtype/mt-ms
b.cfg
\c@IACR@cnt=\count423
LaTeX Font Info:    External font `lmex10' loaded for size
(Font)              <9> on input line 14.
LaTeX Font Info:    External font `lmex10' loaded for size
(Font)              <6> on input line 14.
\openout5 = `main.abstract'.

iacrcc:opened with ./intro.tex

(./intro.tex [1

{/usr/local/texlive/2025/texmf-var/fonts/map/pdftex/updmap/pdftex.map}{/usr/loc
al/texlive/2025/texmf-dist/fonts/enc/dvips/lm/lm-ec.enc}{/usr/local/texlive/202
5/texmf-dist/fonts/enc/dvips/lm/lm-rm.enc}{/usr/local/texlive/2025/texmf-dist/f
onts/enc/dvips/lm/lm-mathit.enc}] [2{/usr/local/texlive/2025/texmf-dist/fonts/e
nc/dvips/lm/lm-mathsy.enc}] [3{/usr/local/texlive/2025/texmf-dist/fonts/enc/dvi
ps/lm/lm-mathex.enc}]
LaTeX Font Info:    Trying to load font information for OT1+lmss on input line 
69.
iacrcc:opened with /usr/local/texlive/2025/texmf-dist/tex/latex/lm/ot1lmss.fd

(/usr/local/texlive/2025/texmf-dist/tex/latex/lm/ot1lmss.fd
File: ot1lmss.fd 2015/05/01 v1.6.1 Font defs for Latin Modern
)
iacrcc:closed with /usr/local/texlive/2025/texmf-dist/tex/latex/lm/ot1lmss.fd
Package microtype Info: Loading generic protrusion settings for font family
(microtype)             `lmss' (encoding: OT1).
(microtype)             For optimal results, create family-specific settings.
(microtype)             See the microtype manual for details.
)
iacrcc:closed with ./intro.tex
iacrcc:opened with ./framework.tex
 (./framework.tex
[4])
iacrcc:closed with ./framework.tex
iacrcc:opened with ./construction.tex
 (./construction.tex [5] [6])
iacrcc:closed with ./construction.tex
iacrcc:opened with ./optimality.tex
 (./optimality.tex [7])
iacrcc:closed with ./optimality.tex
iacrcc:opened with ./protocol.tex
 (./protocol.tex
[8] [9] [10] [11])
iacrcc:closed with ./protocol.tex
iacrcc:opened with ./multimodal.tex
 (./multimodal.tex [12] [13] [14] [15])
iacrcc:closed with ./multimodal.tex
iacrcc:opened with ./results.tex
 (./results.tex
[16] [17])
iacrcc:closed with ./results.tex
iacrcc:opened with ./main.bbl
 (./main.bbl
LaTeX Font Info:    Trying to load font information for T1+lmtt on input line 8
.
iacrcc:opened with /usr/local/texlive/2025/texmf-dist/tex/latex/lm/t1lmtt.fd

(/usr/local/texlive/2025/texmf-dist/tex/latex/lm/t1lmtt.fd
File: t1lmtt.fd 2015/05/01 v1.6.1 Font defs for Latin Modern
)
iacrcc:closed with /usr/local/texlive/2025/texmf-dist/tex/latex/lm/t1lmtt.fd
Package microtype Info: Loading generic protrusion settings for font family
(microtype)             `lmtt' (encoding: T1).
(microtype)             For optimal results, create family-specific settings.
(microtype)             See the microtype manual for details.
 [18])
iacrcc:closed with ./main.bbl
 [19]
iacrcc:opened with ./appendix-compression.tex

(./appendix-compression.tex [20

] [21] [22])
iacrcc:closed with ./appendix-compression.tex
iacrcc:opened with ./appendix-security.tex
 (./appendix-security.tex [23]
[24])
iacrcc:closed with ./appendix-security.tex
iacrcc:opened with ./appendix-analytic.tex
 (./appendix-analytic.tex
Underfull \vbox (badness 2735) has occurred while \output is active []

 [25]
[26])
iacrcc:closed with ./appendix-analytic.tex
iacrcc:opened with ./comparison.tex
 (./comparison.tex [27] [28] [29])
iacrcc:closed with ./comparison.tex
iacrcc:opened with ./appendix-four-parameters.tex
 (./appendix-four-parameters.tex
[30] [31] [32] [33])
iacrcc:closed with ./appendix-four-parameters.tex
 [34] (./main.aux)
 ***********
LaTeX2e <2025-11-01>
L3 programming layer <2020/03/25>
 ***********
Package rerunfilecheck Info: File `main.out' has not changed.
(rerunfilecheck)             Checksum: FDF1FD2FB0FE424013AB1D5F4F35FD62;9712.
 ) 
Here is how much of TeX's memory you used:
 31649 strings out of 467533
 584219 string characters out of 5419490
 1083322 words of memory out of 5000000
 59011 multiletter control sequences out of 15000+600000
 765992 words of font info for 319 fonts, out of 8000000 for 9000
 1141 hyphenation exceptions out of 8191
 125i,21n,122p,1245b,829s stack positions out of 10000i,1000n,20000p,200000b,200000s
</usr/local/texlive/2025/texmf-dist/fonts/type1/public/lm/lmbx10.pfb></usr/lo
cal/texlive/2025/texmf-dist/fonts/type1/public/lm/lmbx12.pfb></usr/local/texliv
e/2025/texmf-dist/fonts/type1/public/lm/lmbx6.pfb></usr/local/texlive/2025/texm
f-dist/fonts/type1/public/lm/lmbx7.pfb></usr/local/texlive/2025/texmf-dist/font
s/type1/public/lm/lmbx9.pfb></usr/local/texlive/2025/texmf-dist/fonts/type1/pub
lic/lm/lmex10.pfb></usr/local/texlive/2025/texmf-dist/fonts/type1/public/lm/lmm
i10.pfb></usr/local/texlive/2025/texmf-dist/fonts/type1/public/lm/lmmi5.pfb></u
sr/local/texlive/2025/texmf-dist/fonts/type1/public/lm/lmmi6.pfb></usr/local/te
xlive/2025/texmf-dist/fonts/type1/public/lm/lmmi7.pfb></usr/local/texlive/2025/
texmf-dist/fonts/type1/public/lm/lmmi9.pfb></usr/local/texlive/2025/texmf-dist/
fonts/type1/public/lm/lmr10.pfb></usr/local/texlive/2025/texmf-dist/fonts/type1
/public/lm/lmr5.pfb></usr/local/texlive/2025/texmf-dist/fonts/type1/public/lm/l
mr6.pfb></usr/local/texlive/2025/texmf-dist/fonts/type1/public/lm/lmr7.pfb></us
r/local/texlive/2025/texmf-dist/fonts/type1/public/lm/lmr9.pfb></usr/local/texl
ive/2025/texmf-dist/fonts/type1/public/lm/lmri10.pfb></usr/local/texlive/2025/t
exmf-dist/fonts/type1/public/lm/lmss10.pfb></usr/local/texlive/2025/texmf-dist/
fonts/type1/public/lm/lmss8.pfb></usr/local/texlive/2025/texmf-dist/fonts/type1
/public/lm/lmss9.pfb></usr/local/texlive/2025/texmf-dist/fonts/type1/public/lm/
lmssbx10.pfb></usr/local/texlive/2025/texmf-dist/fonts/type1/public/lm/lmsy10.p
fb></usr/local/texlive/2025/texmf-dist/fonts/type1/public/lm/lmsy5.pfb></usr/lo
cal/texlive/2025/texmf-dist/fonts/type1/public/lm/lmsy6.pfb></usr/local/texlive
/2025/texmf-dist/fonts/type1/public/lm/lmsy7.pfb></usr/local/texlive/2025/texmf
-dist/fonts/type1/public/lm/lmsy9.pfb></usr/local/texlive/2025/texmf-dist/fonts
/type1/public/lm/lmtt10.pfb></usr/local/texlive/2025/texmf-dist/fonts/type1/pub
lic/amsfonts/symbols/msbm10.pfb></usr/local/texlive/2025/texmf-dist/fonts/type1
/public/amsfonts/symbols/msbm7.pfb>
Output written on main.pdf (34 pages, 659056 bytes).
PDF statistics:
 1298 PDF objects out of 1440 (max. 8388607)
 1187 compressed objects within 12 object streams
 504 named destinations out of 1000 (max. 500000)
 76661 words of extra memory for PDF output out of 89155 (max. 10000000)

